------------------------------------------------------------
Timing Analyzer Summary
------------------------------------------------------------

Type  : Slow 1100mV 85C Model Setup 'Start'
Slack : -2.502
TNS   : -4.542

Type  : Slow 1100mV 85C Model Setup 't_Clk'
Slack : -2.342
TNS   : -19.372

Type  : Slow 1100mV 85C Model Setup 'Data_In[0]'
Slack : -2.123
TNS   : -4.125

Type  : Slow 1100mV 85C Model Hold 'Data_In[0]'
Slack : 0.146
TNS   : 0.000

Type  : Slow 1100mV 85C Model Hold 't_Clk'
Slack : 0.254
TNS   : 0.000

Type  : Slow 1100mV 85C Model Hold 'Start'
Slack : 0.473
TNS   : 0.000

Type  : Slow 1100mV 85C Model Recovery 'Data_In[0]'
Slack : -3.227
TNS   : -6.332

Type  : Slow 1100mV 85C Model Removal 'Data_In[0]'
Slack : 0.443
TNS   : 0.000

Type  : Slow 1100mV 85C Model Minimum Pulse Width 't_Clk'
Slack : -0.538
TNS   : -9.409

Type  : Slow 1100mV 85C Model Minimum Pulse Width 'Data_In[0]'
Slack : 0.281
TNS   : 0.000

Type  : Slow 1100mV 85C Model Minimum Pulse Width 'Start'
Slack : 0.434
TNS   : 0.000

Type  : Slow 1100mV 0C Model Setup 'Start'
Slack : -2.604
TNS   : -4.774

Type  : Slow 1100mV 0C Model Setup 'Data_In[0]'
Slack : -2.320
TNS   : -4.494

Type  : Slow 1100mV 0C Model Setup 't_Clk'
Slack : -2.141
TNS   : -18.033

Type  : Slow 1100mV 0C Model Hold 'Data_In[0]'
Slack : 0.230
TNS   : 0.000

Type  : Slow 1100mV 0C Model Hold 't_Clk'
Slack : 0.240
TNS   : 0.000

Type  : Slow 1100mV 0C Model Hold 'Start'
Slack : 0.562
TNS   : 0.000

Type  : Slow 1100mV 0C Model Recovery 'Data_In[0]'
Slack : -3.141
TNS   : -6.137

Type  : Slow 1100mV 0C Model Removal 'Data_In[0]'
Slack : 0.213
TNS   : 0.000

Type  : Slow 1100mV 0C Model Minimum Pulse Width 't_Clk'
Slack : -0.538
TNS   : -9.451

Type  : Slow 1100mV 0C Model Minimum Pulse Width 'Data_In[0]'
Slack : 0.265
TNS   : 0.000

Type  : Slow 1100mV 0C Model Minimum Pulse Width 'Start'
Slack : 0.418
TNS   : 0.000

Type  : Fast 1100mV 85C Model Setup 'Start'
Slack : -0.859
TNS   : -1.448

Type  : Fast 1100mV 85C Model Setup 'Data_In[0]'
Slack : -0.628
TNS   : -1.208

Type  : Fast 1100mV 85C Model Setup 't_Clk'
Slack : -0.621
TNS   : -3.578

Type  : Fast 1100mV 85C Model Hold 't_Clk'
Slack : 0.108
TNS   : 0.000

Type  : Fast 1100mV 85C Model Hold 'Data_In[0]'
Slack : 0.321
TNS   : 0.000

Type  : Fast 1100mV 85C Model Hold 'Start'
Slack : 0.426
TNS   : 0.000

Type  : Fast 1100mV 85C Model Recovery 'Data_In[0]'
Slack : -2.090
TNS   : -4.134

Type  : Fast 1100mV 85C Model Removal 'Data_In[0]'
Slack : 0.420
TNS   : 0.000

Type  : Fast 1100mV 85C Model Minimum Pulse Width 't_Clk'
Slack : -0.094
TNS   : -1.123

Type  : Fast 1100mV 85C Model Minimum Pulse Width 'Start'
Slack : 0.094
TNS   : 0.000

Type  : Fast 1100mV 85C Model Minimum Pulse Width 'Data_In[0]'
Slack : 0.110
TNS   : 0.000

Type  : Fast 1100mV 0C Model Setup 'Start'
Slack : -0.749
TNS   : -1.264

Type  : Fast 1100mV 0C Model Setup 'Data_In[0]'
Slack : -0.565
TNS   : -1.081

Type  : Fast 1100mV 0C Model Setup 't_Clk'
Slack : -0.440
TNS   : -2.325

Type  : Fast 1100mV 0C Model Hold 't_Clk'
Slack : 0.050
TNS   : 0.000

Type  : Fast 1100mV 0C Model Hold 'Data_In[0]'
Slack : 0.298
TNS   : 0.000

Type  : Fast 1100mV 0C Model Hold 'Start'
Slack : 0.393
TNS   : 0.000

Type  : Fast 1100mV 0C Model Recovery 'Data_In[0]'
Slack : -1.852
TNS   : -3.657

Type  : Fast 1100mV 0C Model Removal 'Data_In[0]'
Slack : 0.276
TNS   : 0.000

Type  : Fast 1100mV 0C Model Minimum Pulse Width 't_Clk'
Slack : -0.095
TNS   : -1.131

Type  : Fast 1100mV 0C Model Minimum Pulse Width 'Start'
Slack : 0.073
TNS   : 0.000

Type  : Fast 1100mV 0C Model Minimum Pulse Width 'Data_In[0]'
Slack : 0.099
TNS   : 0.000

------------------------------------------------------------
