------------------------------------------------------------
Timing Analyzer Summary
------------------------------------------------------------

Type  : Slow 1100mV 85C Model Setup 'halfclock:inst|v_Clk'
Slack : -10.011
TNS   : -250.198

Type  : Slow 1100mV 85C Model Setup 'VGA_SYNC:inst1|vert_sync_out'
Slack : -8.459
TNS   : -164.251

Type  : Slow 1100mV 85C Model Setup 'PushButton2'
Slack : -5.066
TNS   : -162.443

Type  : Slow 1100mV 85C Model Setup 'MOUSE:inst2|MOUSE_CLK_FILTER'
Slack : -2.997
TNS   : -85.509

Type  : Slow 1100mV 85C Model Setup 'fullClock'
Slack : -2.708
TNS   : -2.708

Type  : Slow 1100mV 85C Model Hold 'MOUSE:inst2|MOUSE_CLK_FILTER'
Slack : 0.270
TNS   : 0.000

Type  : Slow 1100mV 85C Model Hold 'halfclock:inst|v_Clk'
Slack : 0.355
TNS   : 0.000

Type  : Slow 1100mV 85C Model Hold 'PushButton2'
Slack : 0.443
TNS   : 0.000

Type  : Slow 1100mV 85C Model Hold 'VGA_SYNC:inst1|vert_sync_out'
Slack : 0.767
TNS   : 0.000

Type  : Slow 1100mV 85C Model Hold 'fullClock'
Slack : 0.961
TNS   : 0.000

Type  : Slow 1100mV 85C Model Recovery 'MOUSE:inst2|MOUSE_CLK_FILTER'
Slack : -1.259
TNS   : -20.057

Type  : Slow 1100mV 85C Model Removal 'MOUSE:inst2|MOUSE_CLK_FILTER'
Slack : 0.409
TNS   : 0.000

Type  : Slow 1100mV 85C Model Minimum Pulse Width 'halfclock:inst|v_Clk'
Slack : -0.538
TNS   : -76.604

Type  : Slow 1100mV 85C Model Minimum Pulse Width 'MOUSE:inst2|MOUSE_CLK_FILTER'
Slack : -0.538
TNS   : -29.923

Type  : Slow 1100mV 85C Model Minimum Pulse Width 'PushButton2'
Slack : -0.538
TNS   : -26.682

Type  : Slow 1100mV 85C Model Minimum Pulse Width 'VGA_SYNC:inst1|vert_sync_out'
Slack : -0.538
TNS   : -18.132

Type  : Slow 1100mV 85C Model Minimum Pulse Width 'fullClock'
Slack : -0.538
TNS   : -0.989

Type  : Slow 1100mV 0C Model Setup 'halfclock:inst|v_Clk'
Slack : -10.231
TNS   : -247.281

Type  : Slow 1100mV 0C Model Setup 'VGA_SYNC:inst1|vert_sync_out'
Slack : -8.419
TNS   : -161.560

Type  : Slow 1100mV 0C Model Setup 'PushButton2'
Slack : -5.134
TNS   : -165.068

Type  : Slow 1100mV 0C Model Setup 'MOUSE:inst2|MOUSE_CLK_FILTER'
Slack : -2.763
TNS   : -80.833

Type  : Slow 1100mV 0C Model Setup 'fullClock'
Slack : -2.561
TNS   : -2.561

Type  : Slow 1100mV 0C Model Hold 'MOUSE:inst2|MOUSE_CLK_FILTER'
Slack : 0.282
TNS   : 0.000

Type  : Slow 1100mV 0C Model Hold 'halfclock:inst|v_Clk'
Slack : 0.352
TNS   : 0.000

Type  : Slow 1100mV 0C Model Hold 'PushButton2'
Slack : 0.449
TNS   : 0.000

Type  : Slow 1100mV 0C Model Hold 'VGA_SYNC:inst1|vert_sync_out'
Slack : 0.753
TNS   : 0.000

Type  : Slow 1100mV 0C Model Hold 'fullClock'
Slack : 0.827
TNS   : 0.000

Type  : Slow 1100mV 0C Model Recovery 'MOUSE:inst2|MOUSE_CLK_FILTER'
Slack : -1.124
TNS   : -17.900

Type  : Slow 1100mV 0C Model Removal 'MOUSE:inst2|MOUSE_CLK_FILTER'
Slack : 0.405
TNS   : 0.000

Type  : Slow 1100mV 0C Model Minimum Pulse Width 'halfclock:inst|v_Clk'
Slack : -0.538
TNS   : -75.653

Type  : Slow 1100mV 0C Model Minimum Pulse Width 'MOUSE:inst2|MOUSE_CLK_FILTER'
Slack : -0.538
TNS   : -29.331

Type  : Slow 1100mV 0C Model Minimum Pulse Width 'PushButton2'
Slack : -0.538
TNS   : -26.940

Type  : Slow 1100mV 0C Model Minimum Pulse Width 'VGA_SYNC:inst1|vert_sync_out'
Slack : -0.538
TNS   : -17.958

Type  : Slow 1100mV 0C Model Minimum Pulse Width 'fullClock'
Slack : -0.538
TNS   : -1.019

Type  : Fast 1100mV 85C Model Setup 'halfclock:inst|v_Clk'
Slack : -4.273
TNS   : -97.746

Type  : Fast 1100mV 85C Model Setup 'VGA_SYNC:inst1|vert_sync_out'
Slack : -3.614
TNS   : -66.938

Type  : Fast 1100mV 85C Model Setup 'fullClock'
Slack : -1.982
TNS   : -1.982

Type  : Fast 1100mV 85C Model Setup 'PushButton2'
Slack : -1.826
TNS   : -57.514

Type  : Fast 1100mV 85C Model Setup 'MOUSE:inst2|MOUSE_CLK_FILTER'
Slack : -1.161
TNS   : -31.734

Type  : Fast 1100mV 85C Model Hold 'halfclock:inst|v_Clk'
Slack : 0.102
TNS   : 0.000

Type  : Fast 1100mV 85C Model Hold 'MOUSE:inst2|MOUSE_CLK_FILTER'
Slack : 0.109
TNS   : 0.000

Type  : Fast 1100mV 85C Model Hold 'PushButton2'
Slack : 0.202
TNS   : 0.000

Type  : Fast 1100mV 85C Model Hold 'VGA_SYNC:inst1|vert_sync_out'
Slack : 0.335
TNS   : 0.000

Type  : Fast 1100mV 85C Model Hold 'fullClock'
Slack : 0.941
TNS   : 0.000

Type  : Fast 1100mV 85C Model Recovery 'MOUSE:inst2|MOUSE_CLK_FILTER'
Slack : -0.426
TNS   : -6.788

Type  : Fast 1100mV 85C Model Removal 'MOUSE:inst2|MOUSE_CLK_FILTER'
Slack : 0.155
TNS   : 0.000

Type  : Fast 1100mV 85C Model Minimum Pulse Width 'fullClock'
Slack : -0.445
TNS   : -0.542

Type  : Fast 1100mV 85C Model Minimum Pulse Width 'PushButton2'
Slack : -0.282
TNS   : -9.306

Type  : Fast 1100mV 85C Model Minimum Pulse Width 'halfclock:inst|v_Clk'
Slack : -0.058
TNS   : -1.643

Type  : Fast 1100mV 85C Model Minimum Pulse Width 'VGA_SYNC:inst1|vert_sync_out'
Slack : -0.022
TNS   : -0.227

Type  : Fast 1100mV 85C Model Minimum Pulse Width 'MOUSE:inst2|MOUSE_CLK_FILTER'
Slack : -0.007
TNS   : -0.023

Type  : Fast 1100mV 0C Model Setup 'halfclock:inst|v_Clk'
Slack : -3.961
TNS   : -84.994

Type  : Fast 1100mV 0C Model Setup 'VGA_SYNC:inst1|vert_sync_out'
Slack : -3.432
TNS   : -63.657

Type  : Fast 1100mV 0C Model Setup 'fullClock'
Slack : -1.667
TNS   : -1.667

Type  : Fast 1100mV 0C Model Setup 'PushButton2'
Slack : -1.631
TNS   : -51.456

Type  : Fast 1100mV 0C Model Setup 'MOUSE:inst2|MOUSE_CLK_FILTER'
Slack : -0.942
TNS   : -27.196

Type  : Fast 1100mV 0C Model Hold 'halfclock:inst|v_Clk'
Slack : 0.067
TNS   : 0.000

Type  : Fast 1100mV 0C Model Hold 'MOUSE:inst2|MOUSE_CLK_FILTER'
Slack : 0.137
TNS   : 0.000

Type  : Fast 1100mV 0C Model Hold 'PushButton2'
Slack : 0.188
TNS   : 0.000

Type  : Fast 1100mV 0C Model Hold 'VGA_SYNC:inst1|vert_sync_out'
Slack : 0.288
TNS   : 0.000

Type  : Fast 1100mV 0C Model Hold 'fullClock'
Slack : 0.709
TNS   : 0.000

Type  : Fast 1100mV 0C Model Recovery 'MOUSE:inst2|MOUSE_CLK_FILTER'
Slack : -0.376
TNS   : -5.985

Type  : Fast 1100mV 0C Model Removal 'MOUSE:inst2|MOUSE_CLK_FILTER'
Slack : 0.140
TNS   : 0.000

Type  : Fast 1100mV 0C Model Minimum Pulse Width 'fullClock'
Slack : -0.439
TNS   : -0.536

Type  : Fast 1100mV 0C Model Minimum Pulse Width 'PushButton2'
Slack : -0.286
TNS   : -9.502

Type  : Fast 1100mV 0C Model Minimum Pulse Width 'halfclock:inst|v_Clk'
Slack : -0.011
TNS   : -0.140

Type  : Fast 1100mV 0C Model Minimum Pulse Width 'VGA_SYNC:inst1|vert_sync_out'
Slack : 0.016
TNS   : 0.000

Type  : Fast 1100mV 0C Model Minimum Pulse Width 'MOUSE:inst2|MOUSE_CLK_FILTER'
Slack : 0.021
TNS   : 0.000

------------------------------------------------------------
