------------------------------------------------------------
Timing Analyzer Summary
------------------------------------------------------------

Type  : Slow 1100mV 85C Model Setup 'Clock25MHz'
Slack : -12.148
TNS   : -246.749

Type  : Slow 1100mV 85C Model Setup 'VGA_SYNC:VGA|vert_sync_out'
Slack : -3.763
TNS   : -106.130

Type  : Slow 1100mV 85C Model Setup 'Clk'
Slack : -2.946
TNS   : -2.946

Type  : Slow 1100mV 85C Model Setup 'MOUSE:mainMouse|MOUSE_CLK_FILTER'
Slack : -2.346
TNS   : -33.242

Type  : Slow 1100mV 85C Model Hold 'MOUSE:mainMouse|MOUSE_CLK_FILTER'
Slack : 0.121
TNS   : 0.000

Type  : Slow 1100mV 85C Model Hold 'Clock25MHz'
Slack : 0.357
TNS   : 0.000

Type  : Slow 1100mV 85C Model Hold 'VGA_SYNC:VGA|vert_sync_out'
Slack : 0.931
TNS   : 0.000

Type  : Slow 1100mV 85C Model Hold 'Clk'
Slack : 1.083
TNS   : 0.000

Type  : Slow 1100mV 85C Model Recovery 'MOUSE:mainMouse|MOUSE_CLK_FILTER'
Slack : -0.665
TNS   : -10.544

Type  : Slow 1100mV 85C Model Removal 'MOUSE:mainMouse|MOUSE_CLK_FILTER'
Slack : -0.188
TNS   : -2.917

Type  : Slow 1100mV 85C Model Minimum Pulse Width 'Clock25MHz'
Slack : -0.538
TNS   : -75.156

Type  : Slow 1100mV 85C Model Minimum Pulse Width 'VGA_SYNC:VGA|vert_sync_out'
Slack : -0.538
TNS   : -25.844

Type  : Slow 1100mV 85C Model Minimum Pulse Width 'MOUSE:mainMouse|MOUSE_CLK_FILTER'
Slack : -0.538
TNS   : -13.024

Type  : Slow 1100mV 85C Model Minimum Pulse Width 'Clk'
Slack : -0.538
TNS   : -0.986

Type  : Slow 1100mV 0C Model Setup 'Clock25MHz'
Slack : -12.531
TNS   : -244.998

Type  : Slow 1100mV 0C Model Setup 'VGA_SYNC:VGA|vert_sync_out'
Slack : -3.758
TNS   : -109.175

Type  : Slow 1100mV 0C Model Setup 'Clk'
Slack : -2.784
TNS   : -2.784

Type  : Slow 1100mV 0C Model Setup 'MOUSE:mainMouse|MOUSE_CLK_FILTER'
Slack : -2.237
TNS   : -31.222

Type  : Slow 1100mV 0C Model Hold 'MOUSE:mainMouse|MOUSE_CLK_FILTER'
Slack : 0.065
TNS   : 0.000

Type  : Slow 1100mV 0C Model Hold 'Clock25MHz'
Slack : 0.356
TNS   : 0.000

Type  : Slow 1100mV 0C Model Hold 'VGA_SYNC:VGA|vert_sync_out'
Slack : 0.940
TNS   : 0.000

Type  : Slow 1100mV 0C Model Hold 'Clk'
Slack : 0.962
TNS   : 0.000

Type  : Slow 1100mV 0C Model Recovery 'MOUSE:mainMouse|MOUSE_CLK_FILTER'
Slack : -0.547
TNS   : -8.637

Type  : Slow 1100mV 0C Model Removal 'MOUSE:mainMouse|MOUSE_CLK_FILTER'
Slack : -0.177
TNS   : -2.717

Type  : Slow 1100mV 0C Model Minimum Pulse Width 'Clock25MHz'
Slack : -0.538
TNS   : -74.029

Type  : Slow 1100mV 0C Model Minimum Pulse Width 'VGA_SYNC:VGA|vert_sync_out'
Slack : -0.538
TNS   : -25.722

Type  : Slow 1100mV 0C Model Minimum Pulse Width 'MOUSE:mainMouse|MOUSE_CLK_FILTER'
Slack : -0.538
TNS   : -12.965

Type  : Slow 1100mV 0C Model Minimum Pulse Width 'Clk'
Slack : -0.538
TNS   : -1.028

Type  : Fast 1100mV 85C Model Setup 'Clock25MHz'
Slack : -5.118
TNS   : -96.552

Type  : Fast 1100mV 85C Model Setup 'Clk'
Slack : -2.241
TNS   : -2.241

Type  : Fast 1100mV 85C Model Setup 'VGA_SYNC:VGA|vert_sync_out'
Slack : -1.581
TNS   : -40.389

Type  : Fast 1100mV 85C Model Setup 'MOUSE:mainMouse|MOUSE_CLK_FILTER'
Slack : -0.828
TNS   : -11.051

Type  : Fast 1100mV 85C Model Hold 'MOUSE:mainMouse|MOUSE_CLK_FILTER'
Slack : -0.072
TNS   : -1.054

Type  : Fast 1100mV 85C Model Hold 'Clock25MHz'
Slack : 0.103
TNS   : 0.000

Type  : Fast 1100mV 85C Model Hold 'VGA_SYNC:VGA|vert_sync_out'
Slack : 0.384
TNS   : 0.000

Type  : Fast 1100mV 85C Model Hold 'Clk'
Slack : 1.159
TNS   : 0.000

Type  : Fast 1100mV 85C Model Recovery 'MOUSE:mainMouse|MOUSE_CLK_FILTER'
Slack : -0.073
TNS   : -1.121

Type  : Fast 1100mV 85C Model Removal 'MOUSE:mainMouse|MOUSE_CLK_FILTER'
Slack : -0.241
TNS   : -3.819

Type  : Fast 1100mV 85C Model Minimum Pulse Width 'Clk'
Slack : -0.437
TNS   : -0.526

Type  : Fast 1100mV 85C Model Minimum Pulse Width 'Clock25MHz'
Slack : -0.078
TNS   : -2.292

Type  : Fast 1100mV 85C Model Minimum Pulse Width 'MOUSE:mainMouse|MOUSE_CLK_FILTER'
Slack : -0.010
TNS   : -0.133

Type  : Fast 1100mV 85C Model Minimum Pulse Width 'VGA_SYNC:VGA|vert_sync_out'
Slack : 0.065
TNS   : 0.000

Type  : Fast 1100mV 0C Model Setup 'Clock25MHz'
Slack : -4.781
TNS   : -83.851

Type  : Fast 1100mV 0C Model Setup 'Clk'
Slack : -1.904
TNS   : -1.904

Type  : Fast 1100mV 0C Model Setup 'VGA_SYNC:VGA|vert_sync_out'
Slack : -1.411
TNS   : -36.308

Type  : Fast 1100mV 0C Model Setup 'MOUSE:mainMouse|MOUSE_CLK_FILTER'
Slack : -0.684
TNS   : -9.004

Type  : Fast 1100mV 0C Model Hold 'MOUSE:mainMouse|MOUSE_CLK_FILTER'
Slack : -0.038
TNS   : -0.570

Type  : Fast 1100mV 0C Model Hold 'Clock25MHz'
Slack : 0.085
TNS   : 0.000

Type  : Fast 1100mV 0C Model Hold 'VGA_SYNC:VGA|vert_sync_out'
Slack : 0.352
TNS   : 0.000

Type  : Fast 1100mV 0C Model Hold 'Clk'
Slack : 0.911
TNS   : 0.000

Type  : Fast 1100mV 0C Model Recovery 'MOUSE:mainMouse|MOUSE_CLK_FILTER'
Slack : -0.059
TNS   : -0.916

Type  : Fast 1100mV 0C Model Removal 'MOUSE:mainMouse|MOUSE_CLK_FILTER'
Slack : -0.201
TNS   : -3.192

Type  : Fast 1100mV 0C Model Minimum Pulse Width 'Clk'
Slack : -0.443
TNS   : -0.544

Type  : Fast 1100mV 0C Model Minimum Pulse Width 'Clock25MHz'
Slack : -0.020
TNS   : -0.150

Type  : Fast 1100mV 0C Model Minimum Pulse Width 'MOUSE:mainMouse|MOUSE_CLK_FILTER'
Slack : 0.005
TNS   : 0.000

Type  : Fast 1100mV 0C Model Minimum Pulse Width 'VGA_SYNC:VGA|vert_sync_out'
Slack : 0.085
TNS   : 0.000

------------------------------------------------------------
