------------------------------------------------------------
Timing Analyzer Summary
------------------------------------------------------------

Type  : Slow 1100mV 85C Model Setup 'halfclock:inst1|v_Clk'
Slack : -3.700
TNS   : -163.648

Type  : Slow 1100mV 85C Model Setup 'VGA_SYNC:inst|vert_sync_out'
Slack : -3.653
TNS   : -67.563

Type  : Slow 1100mV 85C Model Setup 'Clk'
Slack : -2.828
TNS   : -2.828

Type  : Slow 1100mV 85C Model Hold 'halfclock:inst1|v_Clk'
Slack : 0.706
TNS   : 0.000

Type  : Slow 1100mV 85C Model Hold 'Clk'
Slack : 0.905
TNS   : 0.000

Type  : Slow 1100mV 85C Model Hold 'VGA_SYNC:inst|vert_sync_out'
Slack : 1.226
TNS   : 0.000

Type  : Slow 1100mV 85C Model Minimum Pulse Width 'Clk'
Slack : -0.560
TNS   : -1.098

Type  : Slow 1100mV 85C Model Minimum Pulse Width 'halfclock:inst1|v_Clk'
Slack : -0.538
TNS   : -46.652

Type  : Slow 1100mV 85C Model Minimum Pulse Width 'VGA_SYNC:inst|vert_sync_out'
Slack : -0.538
TNS   : -15.469

Type  : Slow 1100mV 0C Model Setup 'VGA_SYNC:inst|vert_sync_out'
Slack : -3.845
TNS   : -69.200

Type  : Slow 1100mV 0C Model Setup 'halfclock:inst1|v_Clk'
Slack : -3.834
TNS   : -161.491

Type  : Slow 1100mV 0C Model Setup 'Clk'
Slack : -2.756
TNS   : -2.756

Type  : Slow 1100mV 0C Model Hold 'halfclock:inst1|v_Clk'
Slack : 0.629
TNS   : 0.000

Type  : Slow 1100mV 0C Model Hold 'Clk'
Slack : 0.847
TNS   : 0.000

Type  : Slow 1100mV 0C Model Hold 'VGA_SYNC:inst|vert_sync_out'
Slack : 1.191
TNS   : 0.000

Type  : Slow 1100mV 0C Model Minimum Pulse Width 'Clk'
Slack : -0.609
TNS   : -1.147

Type  : Slow 1100mV 0C Model Minimum Pulse Width 'halfclock:inst1|v_Clk'
Slack : -0.538
TNS   : -46.024

Type  : Slow 1100mV 0C Model Minimum Pulse Width 'VGA_SYNC:inst|vert_sync_out'
Slack : -0.538
TNS   : -15.431

Type  : Fast 1100mV 85C Model Setup 'Clk'
Slack : -2.048
TNS   : -2.048

Type  : Fast 1100mV 85C Model Setup 'VGA_SYNC:inst|vert_sync_out'
Slack : -1.404
TNS   : -26.016

Type  : Fast 1100mV 85C Model Setup 'halfclock:inst1|v_Clk'
Slack : -1.395
TNS   : -60.052

Type  : Fast 1100mV 85C Model Hold 'halfclock:inst1|v_Clk'
Slack : 0.187
TNS   : 0.000

Type  : Fast 1100mV 85C Model Hold 'VGA_SYNC:inst|vert_sync_out'
Slack : 0.545
TNS   : 0.000

Type  : Fast 1100mV 85C Model Hold 'Clk'
Slack : 0.949
TNS   : 0.000

Type  : Fast 1100mV 85C Model Minimum Pulse Width 'Clk'
Slack : -0.519
TNS   : -0.690

Type  : Fast 1100mV 85C Model Minimum Pulse Width 'halfclock:inst1|v_Clk'
Slack : 0.043
TNS   : 0.000

Type  : Fast 1100mV 85C Model Minimum Pulse Width 'VGA_SYNC:inst|vert_sync_out'
Slack : 0.144
TNS   : 0.000

Type  : Fast 1100mV 0C Model Setup 'Clk'
Slack : -1.759
TNS   : -1.759

Type  : Fast 1100mV 0C Model Setup 'VGA_SYNC:inst|vert_sync_out'
Slack : -1.292
TNS   : -23.720

Type  : Fast 1100mV 0C Model Setup 'halfclock:inst1|v_Clk'
Slack : -1.270
TNS   : -51.999

Type  : Fast 1100mV 0C Model Hold 'halfclock:inst1|v_Clk'
Slack : 0.142
TNS   : 0.000

Type  : Fast 1100mV 0C Model Hold 'VGA_SYNC:inst|vert_sync_out'
Slack : 0.472
TNS   : 0.000

Type  : Fast 1100mV 0C Model Hold 'Clk'
Slack : 0.737
TNS   : 0.000

Type  : Fast 1100mV 0C Model Minimum Pulse Width 'Clk'
Slack : -0.507
TNS   : -0.673

Type  : Fast 1100mV 0C Model Minimum Pulse Width 'halfclock:inst1|v_Clk'
Slack : 0.073
TNS   : 0.000

Type  : Fast 1100mV 0C Model Minimum Pulse Width 'VGA_SYNC:inst|vert_sync_out'
Slack : 0.143
TNS   : 0.000

------------------------------------------------------------
